[36mvite v6.4.1 [32mbuilding for production...[36m[39m
transforming...
[32m✓[39m 70 modules transformed.
[31m✗[39m Build failed in 893ms
[31merror during build:
[31mCould not resolve "../src/utils/indiaStates" from "src/screens/StudentLogin.tsx"[31m
file: [36mC:/Users/Akatsuki/Desktop/aonetarget/client/src/screens/StudentLogin.tsx[31m
    at getRollupError (file:///C:/Users/Akatsuki/Desktop/aonetarget/client/node_modules/rollup/dist/es/shared/parseAst.js:402:41)
    at error (file:///C:/Users/Akatsuki/Desktop/aonetarget/client/node_modules/rollup/dist/es/shared/parseAst.js:398:42)
    at ModuleLoader.handleInvalidResolvedId (file:///C:/Users/Akatsuki/Desktop/aonetarget/client/node_modules/rollup/dist/es/shared/node-entry.js:21710:24)
    at file:///C:/Users/Akatsuki/Desktop/aonetarget/client/node_modules/rollup/dist/es/shared/node-entry.js:21670:26[39m
